// Jest Snapshot v1, https://goo.gl/fbAQLP

exports[`DQRoot can generate react flow elements 1`] = `
Array [
  Object {
    "data": Object {
      "dqRoot": Object {
        "flowTransform": undefined,
        "nodes": Object {
          "1": Object {
            "id": "1",
            "variable": "a",
            "x": 100,
            "y": 100,
          },
          "2": Object {
            "id": "2",
            "variable": "b",
            "x": 100,
            "y": 300,
          },
          "3": Object {
            "id": "3",
            "variable": "c",
            "x": 550,
            "y": 150,
          },
          "4": Object {
            "id": "4",
            "variable": "d",
            "x": 150,
            "y": 500,
          },
        },
      },
      "node": Object {
        "id": "1",
        "variable": "a",
        "x": 100,
        "y": 100,
      },
    },
    "id": "a",
    "position": Object {
      "x": 100,
      "y": 100,
    },
    "type": "quantityNode",
  },
  Object {
    "data": Object {
      "dqRoot": Object {
        "flowTransform": undefined,
        "nodes": Object {
          "1": Object {
            "id": "1",
            "variable": "a",
            "x": 100,
            "y": 100,
          },
          "2": Object {
            "id": "2",
            "variable": "b",
            "x": 100,
            "y": 300,
          },
          "3": Object {
            "id": "3",
            "variable": "c",
            "x": 550,
            "y": 150,
          },
          "4": Object {
            "id": "4",
            "variable": "d",
            "x": 150,
            "y": 500,
          },
        },
      },
      "node": Object {
        "id": "2",
        "variable": "b",
        "x": 100,
        "y": 300,
      },
    },
    "id": "b",
    "position": Object {
      "x": 100,
      "y": 300,
    },
    "type": "quantityNode",
  },
  Object {
    "data": Object {
      "dqRoot": Object {
        "flowTransform": undefined,
        "nodes": Object {
          "1": Object {
            "id": "1",
            "variable": "a",
            "x": 100,
            "y": 100,
          },
          "2": Object {
            "id": "2",
            "variable": "b",
            "x": 100,
            "y": 300,
          },
          "3": Object {
            "id": "3",
            "variable": "c",
            "x": 550,
            "y": 150,
          },
          "4": Object {
            "id": "4",
            "variable": "d",
            "x": 150,
            "y": 500,
          },
        },
      },
      "node": Object {
        "id": "3",
        "variable": "c",
        "x": 550,
        "y": 150,
      },
    },
    "id": "c",
    "position": Object {
      "x": 550,
      "y": 150,
    },
    "type": "quantityNode",
  },
  Object {
    "arrowHeadType": "arrowclosed",
    "className": "",
    "data": Object {
      "dqRoot": Object {
        "flowTransform": undefined,
        "nodes": Object {
          "1": Object {
            "id": "1",
            "variable": "a",
            "x": 100,
            "y": 100,
          },
          "2": Object {
            "id": "2",
            "variable": "b",
            "x": 100,
            "y": 300,
          },
          "3": Object {
            "id": "3",
            "variable": "c",
            "x": 550,
            "y": 150,
          },
          "4": Object {
            "id": "4",
            "variable": "d",
            "x": 150,
            "y": 500,
          },
        },
      },
    },
    "id": "ea-targetc-a",
    "source": "a",
    "target": "c",
    "type": "floatingEdge",
  },
  Object {
    "arrowHeadType": "arrowclosed",
    "className": "",
    "data": Object {
      "dqRoot": Object {
        "flowTransform": undefined,
        "nodes": Object {
          "1": Object {
            "id": "1",
            "variable": "a",
            "x": 100,
            "y": 100,
          },
          "2": Object {
            "id": "2",
            "variable": "b",
            "x": 100,
            "y": 300,
          },
          "3": Object {
            "id": "3",
            "variable": "c",
            "x": 550,
            "y": 150,
          },
          "4": Object {
            "id": "4",
            "variable": "d",
            "x": 150,
            "y": 500,
          },
        },
      },
    },
    "id": "ed-targetc-a",
    "source": "d",
    "target": "c",
    "type": "floatingEdge",
  },
  Object {
    "arrowHeadType": "arrowclosed",
    "className": "",
    "data": Object {
      "dqRoot": Object {
        "flowTransform": undefined,
        "nodes": Object {
          "1": Object {
            "id": "1",
            "variable": "a",
            "x": 100,
            "y": 100,
          },
          "2": Object {
            "id": "2",
            "variable": "b",
            "x": 100,
            "y": 300,
          },
          "3": Object {
            "id": "3",
            "variable": "c",
            "x": 550,
            "y": 150,
          },
          "4": Object {
            "id": "4",
            "variable": "d",
            "x": 150,
            "y": 500,
          },
        },
      },
    },
    "id": "eb-targetc-a",
    "source": "b",
    "target": "c",
    "type": "floatingEdge",
  },
  Object {
    "data": Object {
      "dqRoot": Object {
        "flowTransform": undefined,
        "nodes": Object {
          "1": Object {
            "id": "1",
            "variable": "a",
            "x": 100,
            "y": 100,
          },
          "2": Object {
            "id": "2",
            "variable": "b",
            "x": 100,
            "y": 300,
          },
          "3": Object {
            "id": "3",
            "variable": "c",
            "x": 550,
            "y": 150,
          },
          "4": Object {
            "id": "4",
            "variable": "d",
            "x": 150,
            "y": 500,
          },
        },
      },
      "node": Object {
        "id": "4",
        "variable": "d",
        "x": 150,
        "y": 500,
      },
    },
    "id": "d",
    "position": Object {
      "x": 150,
      "y": 500,
    },
    "type": "quantityNode",
  },
]
`;
